// Jest Snapshot v1, https://goo.gl/fbAQLP

exports[`<ListReviews /> should render correctly 1`] = `
Array [
  <div
    className="sc-AxheI eSgXxz"
  >
    <div
      className="sc-Axmtr emrCAY"
      onClick={[Function]}
    >
      <img
        alt="logo"
        src="img_logo.png"
      />
    </div>
    <div />
    <div
      className="sc-AxmLO eALlxi"
    >
      <div
        className="sc-fzozJi intoob"
      >
        
      </div>
      <button
        className="sc-AxgMl jgdjSi"
        onClick={[Function]}
      >
        Logout
      </button>
    </div>
  </div>,
  <div
    className="sc-fznyAO hRSPUm"
  >
    <div
      className="sc-fzplWN emSGEd"
    >
      <div
        className="sc-fzpjYC sc-fznWqX tKlnQ"
      >
        <div
          className="sc-fzoXWK hrcjGx"
        >
          Waiting for reviews
        </div>
      </div>
      <div
        className="sc-fzoiQi iVUyaZ"
      >
        <div
          className="sc-AxjAm cGpQcy"
        >
          No waiting list
        </div>
      </div>
    </div>
  </div>,
]
`;
