// Jest Snapshot v1, https://goo.gl/fbAQLP

exports[`<Signin /> should render correctly 1`] = `
<div
  className="sc-AxiKw jAHgLp"
>
  <form
    onSubmit={[Function]}
  >
    <div>
      <label
        htmlFor="Username"
      >
        Username
        :
        <input
          className="sc-AxjAm dDuNse"
          name="username"
          type="text"
        />
      </label>
    </div>
    <div>
      <label
        htmlFor="Password"
      >
        Password
        :
        <input
          className="sc-AxjAm dDuNse"
          name="password"
          type="password"
        />
      </label>
    </div>
    <div
      className="sc-AxhUy fSnPfa"
    >
      <button
        className="sc-AxirZ jslcTR"
      >
        Signin
      </button>
    </div>
  </form>
  <div
    className="sc-AxhCb iLDmSv"
  >
    
  </div>
</div>
`;
