// Jest Snapshot v1, https://goo.gl/fbAQLP

exports[`<ListPerformance /> should render correctly 1`] = `
Array [
  <div
    className="sc-AxiKw lWgfG"
  >
    <div
      className="sc-AxhCb DCALu"
      onClick={[Function]}
    >
      <img
        alt="logo"
        src="img_logo.png"
      />
    </div>
    <div />
    <div
      className="sc-AxhUy jKlWsg"
    >
      <div
        className="sc-AxgMl fmPfCS"
      >
        
      </div>
      <button
        className="sc-AxirZ jslcTR"
        onClick={[Function]}
      >
        Logout
      </button>
    </div>
  </div>,
  <div
    className="sc-fzozJi hcqIrN"
  >
    <div
      className="sc-AxmLO gXhSTr"
    >
      <div
        className="sc-fzplWN fsMqCe"
      >
        Performance reviews
      </div>
      <div
        className="sc-fznyAO gFMpqC"
      >
        <div
          className="sc-AxjAm cGpQcy"
        >
          No review yet. Please come back later.
        </div>
      </div>
    </div>
  </div>,
]
`;
